2026-07-20T09:09:52Z INF Thank you for trying Cloudflare Tunnel. Doing so, without a Cloudflare account, is a quick way to experiment and try it out. However, be aware that these account-less Tunnels have no uptime guarantee, are subject to the Cloudflare Online Services Terms of Use (https://www.cloudflare.com/website-terms/), and Cloudflare reserves the right to investigate your use of Tunnels for violations of such terms. If you intend to use Tunnels in production you should use a pre-created named tunnel by following: https://developers.cloudflare.com/cloudflare-one/connections/connect-apps
2026-07-20T09:09:52Z INF Requesting new quick Tunnel on trycloudflare.com...
2026-07-20T09:09:58Z INF +--------------------------------------------------------------------------------------------+
2026-07-20T09:09:58Z INF |  Your quick Tunnel has been created! Visit it at (it may take some time to be reachable):  |
2026-07-20T09:09:58Z INF |  https://tex-inspector-tampa-insight.trycloudflare.com                                     |
2026-07-20T09:09:58Z INF +--------------------------------------------------------------------------------------------+
2026-07-20T09:09:58Z INF Cannot determine default configuration path. No file [config.yml config.yaml] in [~/.cloudflared ~/.cloudflare-warp ~/cloudflare-warp]
2026-07-20T09:09:58Z INF Version 2026.7.2 (Checksum cdb5d4432f6ae1595654a692a51308b69d2bf7af961f5578d9391837cf072df9)
2026-07-20T09:09:58Z INF GOOS: windows, GOVersion: go1.26.4, GoArch: amd64
2026-07-20T09:09:58Z INF Settings: map[ha-connections:1 p:http2 protocol:http2 url:http://localhost:3000]
2026-07-20T09:09:58Z INF cloudflared will not automatically update on Windows systems.
2026-07-20T09:09:58Z ERR Failed to fetch features, default to disable error="lookup cfd-features.argotunnel.com: dnsquery: This operation returned because the timeout period expired."
2026-07-20T09:09:58Z INF Generated Connector ID: e1d07a63-9668-47d2-89bf-2ff2a69b28a4
2026-07-20T09:09:58Z WRN Unable to lookup protocol percentage.
2026-07-20T09:09:58Z INF Initial protocol http2
2026-07-20T09:09:58Z INF ICMP proxy will use 192.168.10.2 as source for IPv4
2026-07-20T09:09:58Z INF ICMP proxy will use 2409:8a70:5021:fca4:72c7:c505:bb5c:790b in zone WLAN as source for IPv6
2026-07-20T09:09:58Z INF cloudflared does not support loading the system root certificate pool on Windows. Please use --origin-ca-pool <PATH> to specify the path to the certificate pool
2026-07-20T09:09:58Z INF ICMP proxy will use 192.168.10.2 as source for IPv4
2026-07-20T09:09:58Z INF Tunnel connection curve preferences: [X25519MLKEM768 CurveID(65074) CurveP256] connIndex=0 event=0 ip=2606:4700:a8::10
2026-07-20T09:09:58Z INF ICMP proxy will use 2409:8a70:5021:fca4:72c7:c505:bb5c:790b in zone WLAN as source for IPv6
2026-07-20T09:09:58Z INF Starting metrics server on 127.0.0.1:60394/metrics
2026-07-20T09:10:08Z INF +----------------------------------------------------------------------------------------------------+
2026-07-20T09:10:08Z INF |                                      CONNECTIVITY PRE-CHECKS                                       |
2026-07-20T09:10:08Z INF +----------------------------------------------------------------------------------------------------+
2026-07-20T09:10:08Z INF |  COMPONENT         TARGET                     STATUS  DETAILS                                      |
2026-07-20T09:10:08Z INF |  DNS Resolution    region1.v2.argotunnel.com  PASS    DNS Resolved successfully                    |
2026-07-20T09:10:08Z INF |  DNS Resolution    region2.v2.argotunnel.com  PASS    DNS Resolved successfully                    |
2026-07-20T09:10:08Z INF |  UDP Connectivity  region1.v2.argotunnel.com  PASS    QUIC connection successful                   |
2026-07-20T09:10:08Z INF |  UDP Connectivity  region2.v2.argotunnel.com  FAIL    QUIC connection failed                       |
2026-07-20T09:10:08Z INF |  TCP Connectivity  region1.v2.argotunnel.com  PASS    HTTP/2 connection successful                 |
2026-07-20T09:10:08Z INF |  TCP Connectivity  region2.v2.argotunnel.com  FAIL    HTTP/2 connection is blocked or unreachable  |
2026-07-20T09:10:08Z INF |  Cloudflare API    api.cloudflare.com:443     PASS    API is reachable                             |
2026-07-20T09:10:08Z INF |  ERROR: Allow outbound QUIC traffic on port 7844 or use HTTP2.                                     |
2026-07-20T09:10:08Z INF |  ERROR: Allow outbound TCP on port 7844.                                                           |
2026-07-20T09:10:08Z INF |                                                                                                    |
2026-07-20T09:10:08Z INF |  SUMMARY: Environment has critical failures. cloudflared may not be able to establish a tunnel.    |
2026-07-20T09:10:08Z INF +----------------------------------------------------------------------------------------------------+
2026-07-20T09:10:08Z INF precheck component="DNS Resolution" details="DNS Resolved successfully" run_id=fdebbf0e-a9f5-47d6-83ec-7dd7cf1802f0 status=pass target=region1.v2.argotunnel.com
2026-07-20T09:10:08Z INF precheck component="DNS Resolution" details="DNS Resolved successfully" run_id=fdebbf0e-a9f5-47d6-83ec-7dd7cf1802f0 status=pass target=region2.v2.argotunnel.com
2026-07-20T09:10:08Z INF precheck component="UDP Connectivity" details="QUIC connection successful" run_id=fdebbf0e-a9f5-47d6-83ec-7dd7cf1802f0 status=pass target=region1.v2.argotunnel.com
2026-07-20T09:10:08Z INF precheck component="UDP Connectivity" details="QUIC connection failed" run_id=fdebbf0e-a9f5-47d6-83ec-7dd7cf1802f0 status=fail target=region2.v2.argotunnel.com
2026-07-20T09:10:08Z INF precheck component="TCP Connectivity" details="HTTP/2 connection successful" run_id=fdebbf0e-a9f5-47d6-83ec-7dd7cf1802f0 status=pass target=region1.v2.argotunnel.com
2026-07-20T09:10:08Z INF precheck component="TCP Connectivity" details="HTTP/2 connection is blocked or unreachable" run_id=fdebbf0e-a9f5-47d6-83ec-7dd7cf1802f0 status=fail target=region2.v2.argotunnel.com
2026-07-20T09:10:08Z INF precheck component="Cloudflare API" details="API is reachable" run_id=fdebbf0e-a9f5-47d6-83ec-7dd7cf1802f0 status=pass target=api.cloudflare.com:443
2026-07-20T09:10:08Z INF precheck complete hard_fail=true run_id=fdebbf0e-a9f5-47d6-83ec-7dd7cf1802f0
2026-07-20T09:10:15Z ERR Unable to establish connection with Cloudflare edge error="TLS handshake with edge error: read tcp [2409:8a70:5021:fca4:d2b:9fd3:d0a1:c33c]:60396->[2606:4700:a8::10]:7844: i/o timeout" connIndex=0 event=0 ip=2606:4700:a8::10
2026-07-20T09:10:15Z ERR Serve tunnel error error="TLS handshake with edge error: read tcp [2409:8a70:5021:fca4:d2b:9fd3:d0a1:c33c]:60396->[2606:4700:a8::10]:7844: i/o timeout" connIndex=0 event=0 ip=2606:4700:a8::10
2026-07-20T09:10:15Z INF Retrying connection in up to 2s connIndex=0 event=0 ip=2606:4700:a8::10
2026-07-20T09:10:17Z INF Tunnel connection curve preferences: [X25519MLKEM768 CurveID(65074) CurveP256] connIndex=0 event=0 ip=2606:4700:a0::3
2026-07-20T09:10:32Z ERR Unable to establish connection with Cloudflare edge error="DialContext error: dial tcp [2606:4700:a0::3]:7844: i/o timeout" connIndex=0 event=0 ip=2606:4700:a0::3
2026-07-20T09:10:32Z ERR Serve tunnel error error="DialContext error: dial tcp [2606:4700:a0::3]:7844: i/o timeout" connIndex=0 event=0 ip=2606:4700:a0::3
2026-07-20T09:10:32Z INF Retrying connection in up to 4s connIndex=0 event=0 ip=2606:4700:a0::3
2026-07-20T09:10:35Z INF Tunnel connection curve preferences: [X25519MLKEM768 CurveID(65074) CurveP256] connIndex=0 event=0 ip=198.41.200.53
2026-07-20T09:10:37Z INF Registered tunnel connection connIndex=0 connection=453bb82b-1821-47ef-8e47-fd4be4d06bc7 event=0 ip=198.41.200.53 location=lax01 protocol=http2
