2026-07-20T14:34:17Z INF Thank you for trying Cloudflare Tunnel. Doing so, without a Cloudflare account, is a quick way to experiment and try it out. However, be aware that these account-less Tunnels have no uptime guarantee, are subject to the Cloudflare Online Services Terms of Use (https://www.cloudflare.com/website-terms/), and Cloudflare reserves the right to investigate your use of Tunnels for violations of such terms. If you intend to use Tunnels in production you should use a pre-created named tunnel by following: https://developers.cloudflare.com/cloudflare-one/connections/connect-apps
2026-07-20T14:34:17Z INF Requesting new quick Tunnel on trycloudflare.com...
2026-07-20T14:34:23Z INF +--------------------------------------------------------------------------------------------+
2026-07-20T14:34:23Z INF |  Your quick Tunnel has been created! Visit it at (it may take some time to be reachable):  |
2026-07-20T14:34:23Z INF |  https://knows-comedy-subsequently-ian.trycloudflare.com                                   |
2026-07-20T14:34:24Z INF +--------------------------------------------------------------------------------------------+
2026-07-20T14:34:24Z INF Cannot determine default configuration path. No file [config.yml config.yaml] in [~/.cloudflared ~/.cloudflare-warp ~/cloudflare-warp]
2026-07-20T14:34:24Z INF Version 2026.7.2 (Checksum cdb5d4432f6ae1595654a692a51308b69d2bf7af961f5578d9391837cf072df9)
2026-07-20T14:34:24Z INF GOOS: windows, GOVersion: go1.26.4, GoArch: amd64
2026-07-20T14:34:24Z INF Settings: map[ha-connections:1 p:http2 protocol:http2 url:http://localhost:5173]
2026-07-20T14:34:24Z INF cloudflared will not automatically update on Windows systems.
2026-07-20T14:34:36Z ERR Failed to fetch features, default to disable error="lookup cfd-features.argotunnel.com: dnsquery: This operation returned because the timeout period expired."
2026-07-20T14:34:36Z INF Generated Connector ID: 908c6500-2c0d-418d-b35b-33d1e3400d5f
2026-07-20T14:34:36Z WRN Unable to lookup protocol percentage.
2026-07-20T14:34:36Z INF Initial protocol http2
2026-07-20T14:34:36Z INF ICMP proxy will use 192.168.10.2 as source for IPv4
2026-07-20T14:34:36Z INF ICMP proxy will use 2409:8a70:5021:fca4:72c7:c505:bb5c:790b in zone WLAN as source for IPv6
2026-07-20T14:34:36Z INF cloudflared does not support loading the system root certificate pool on Windows. Please use --origin-ca-pool <PATH> to specify the path to the certificate pool
2026-07-20T14:34:36Z INF ICMP proxy will use 192.168.10.2 as source for IPv4
2026-07-20T14:34:36Z INF Tunnel connection curve preferences: [X25519MLKEM768 CurveID(65074) CurveP256] connIndex=0 event=0 ip=2606:4700:a0::4
2026-07-20T14:34:36Z INF ICMP proxy will use 2409:8a70:5021:fca4:72c7:c505:bb5c:790b in zone WLAN as source for IPv6
2026-07-20T14:34:36Z INF Starting metrics server on 127.0.0.1:20242/metrics
2026-07-20T14:34:46Z INF +----------------------------------------------------------------------------------------------------+
2026-07-20T14:34:46Z INF |                                      CONNECTIVITY PRE-CHECKS                                       |
2026-07-20T14:34:46Z INF +----------------------------------------------------------------------------------------------------+
2026-07-20T14:34:46Z INF |  COMPONENT         TARGET                     STATUS  DETAILS                                      |
2026-07-20T14:34:46Z INF |  DNS Resolution    region1.v2.argotunnel.com  PASS    DNS Resolved successfully                    |
2026-07-20T14:34:46Z INF |  DNS Resolution    region2.v2.argotunnel.com  PASS    DNS Resolved successfully                    |
2026-07-20T14:34:46Z INF |  UDP Connectivity  region1.v2.argotunnel.com  PASS    QUIC connection successful                   |
2026-07-20T14:34:46Z INF |  UDP Connectivity  region2.v2.argotunnel.com  FAIL    QUIC connection failed                       |
2026-07-20T14:34:46Z INF |  TCP Connectivity  region1.v2.argotunnel.com  PASS    HTTP/2 connection successful                 |
2026-07-20T14:34:46Z INF |  TCP Connectivity  region2.v2.argotunnel.com  FAIL    HTTP/2 connection is blocked or unreachable  |
2026-07-20T14:34:46Z INF |  Cloudflare API    api.cloudflare.com:443     PASS    API is reachable                             |
2026-07-20T14:34:46Z INF |  ERROR: Allow outbound QUIC traffic on port 7844 or use HTTP2.                                     |
2026-07-20T14:34:46Z INF |  ERROR: Allow outbound TCP on port 7844.                                                           |
2026-07-20T14:34:46Z INF |                                                                                                    |
2026-07-20T14:34:46Z INF |  SUMMARY: Environment has critical failures. cloudflared may not be able to establish a tunnel.    |
2026-07-20T14:34:46Z INF +----------------------------------------------------------------------------------------------------+
2026-07-20T14:34:46Z INF precheck component="DNS Resolution" details="DNS Resolved successfully" run_id=85f707e6-63b6-4c00-89b2-779a50e50379 status=pass target=region1.v2.argotunnel.com
2026-07-20T14:34:46Z INF precheck component="DNS Resolution" details="DNS Resolved successfully" run_id=85f707e6-63b6-4c00-89b2-779a50e50379 status=pass target=region2.v2.argotunnel.com
2026-07-20T14:34:46Z INF precheck component="UDP Connectivity" details="QUIC connection successful" run_id=85f707e6-63b6-4c00-89b2-779a50e50379 status=pass target=region1.v2.argotunnel.com
2026-07-20T14:34:46Z INF precheck component="UDP Connectivity" details="QUIC connection failed" run_id=85f707e6-63b6-4c00-89b2-779a50e50379 status=fail target=region2.v2.argotunnel.com
2026-07-20T14:34:46Z INF precheck component="TCP Connectivity" details="HTTP/2 connection successful" run_id=85f707e6-63b6-4c00-89b2-779a50e50379 status=pass target=region1.v2.argotunnel.com
2026-07-20T14:34:46Z INF precheck component="TCP Connectivity" details="HTTP/2 connection is blocked or unreachable" run_id=85f707e6-63b6-4c00-89b2-779a50e50379 status=fail target=region2.v2.argotunnel.com
2026-07-20T14:34:46Z INF precheck component="Cloudflare API" details="API is reachable" run_id=85f707e6-63b6-4c00-89b2-779a50e50379 status=pass target=api.cloudflare.com:443
2026-07-20T14:34:46Z INF precheck complete hard_fail=true run_id=85f707e6-63b6-4c00-89b2-779a50e50379
2026-07-20T14:34:58Z ERR Unable to establish connection with Cloudflare edge error="TLS handshake with edge error: read tcp [2409:8a70:5021:fca4:c1f1:d5ca:7ff3:ed4]:62373->[2606:4700:a0::4]:7844: i/o timeout" connIndex=0 event=0 ip=2606:4700:a0::4
2026-07-20T14:34:58Z ERR Serve tunnel error error="TLS handshake with edge error: read tcp [2409:8a70:5021:fca4:c1f1:d5ca:7ff3:ed4]:62373->[2606:4700:a0::4]:7844: i/o timeout" connIndex=0 event=0 ip=2606:4700:a0::4
2026-07-20T14:34:58Z INF Retrying connection in up to 2s connIndex=0 event=0 ip=2606:4700:a0::4
2026-07-20T14:34:58Z INF Tunnel connection curve preferences: [X25519MLKEM768 CurveID(65074) CurveP256] connIndex=0 event=0 ip=2606:4700:a8::8
2026-07-20T14:35:20Z ERR Unable to establish connection with Cloudflare edge error="TLS handshake with edge error: read tcp [2409:8a70:5021:fca4:c1f1:d5ca:7ff3:ed4]:62416->[2606:4700:a8::8]:7844: i/o timeout" connIndex=0 event=0 ip=2606:4700:a8::8
2026-07-20T14:35:20Z ERR Serve tunnel error error="TLS handshake with edge error: read tcp [2409:8a70:5021:fca4:c1f1:d5ca:7ff3:ed4]:62416->[2606:4700:a8::8]:7844: i/o timeout" connIndex=0 event=0 ip=2606:4700:a8::8
2026-07-20T14:35:20Z INF Retrying connection in up to 4s connIndex=0 event=0 ip=2606:4700:a8::8
2026-07-20T14:35:24Z INF Tunnel connection curve preferences: [X25519MLKEM768 CurveID(65074) CurveP256] connIndex=0 event=0 ip=198.41.200.43
2026-07-20T14:35:26Z INF Registered tunnel connection connIndex=0 connection=be1aec31-d00e-402f-b21b-e27a9d9c6952 event=0 ip=198.41.200.43 location=lax01 protocol=http2
